// Jest Snapshot v1, https://goo.gl/fbAQLP

exports[`Header component Should return a div with the correct class and text 1`] = `
<div
  className="stuff"
>
  Yolo!
</div>
`;
