// Jest Snapshot v1, https://goo.gl/fbAQLP

exports[`PasswordPresenter component renders a div with the passed in password content 1`] = `
<div
  id="presenter"
>
  force hammer flower coffee
</div>
`;
